﻿
> ddl-frontend@0.0.0 build
> vite build

[36mvite v8.0.0-beta.14 [32mbuilding client environment for production...[36m[39m
[2K
node.exe : 
At line:1 char:1
+ & "C:\Program Files\
nodejs/node.exe" 
"C:\Program 
Files\nodejs/node_mo 
...
+ ~~~~~~~~~~~~~~~~~~~~
~~~~~~~~~~~~~~~~~~~~~~
~~~~~~~~~~~~~~~~~~~~~~
~~~~~
    + CategoryInfo    
          : NotSpeci  
  fied: (:String) [   
 ], RemoteExceptio    
n
    + FullyQualifiedE 
   rrorId : NativeCo  
  mmandError
 
./assets/WPP-Fonts/Web
fonts/WPP-Light.woff2 
referenced in ./assets
/WPP-Fonts/Webfonts/WP
P-Light.woff2 didn't 
resolve at build 
time, it will remain 
unchanged to be 
resolved at runtime

./assets/WPP-Fonts/Web
fonts/WPP-Thin.woff2 
referenced in ./assets
/WPP-Fonts/Webfonts/WP
P-Thin.woff2 didn't 
resolve at build 
time, it will remain 
unchanged to be 
resolved at runtime

./assets/WPP-Fonts/Web
fonts/WPP-Bold.woff2 
referenced in ./assets
/WPP-Fonts/Webfonts/WP
P-Bold.woff2 didn't 
resolve at build 
time, it will remain 
unchanged to be 
resolved at runtime

./assets/WPP-Fonts/Web
fonts/WPP-Black.woff2 
referenced in ./assets
/WPP-Fonts/Webfonts/WP
P-Black.woff2 didn't 
resolve at build 
time, it will remain 
unchanged to be 
resolved at runtime

./assets/WPP-Fonts/Web
fonts/WPP-Regular.woff
2 referenced in ./asse
ts/WPP-Fonts/Webfonts/
WPP-Regular.woff2 
didn't resolve at 
build time, it will 
remain unchanged to 
be resolved at runtime

./assets/WPP-Fonts/Web
fonts/WPP-Medium.woff2
 referenced in ./asset
s/WPP-Fonts/Webfonts/W
PP-Medium.woff2 
didn't resolve at 
build time, it will 
remain unchanged to 
be resolved at runtime

./assets/WPP-Fonts/Web
fonts/WPP-Light.woff 
referenced in ./assets
/WPP-Fonts/Webfonts/WP
P-Light.woff didn't 
resolve at build 
time, it will remain 
unchanged to be 
resolved at runtime

./assets/WPP-Fonts/Web
fonts/WPP-Thin.woff 
referenced in ./assets
/WPP-Fonts/Webfonts/WP
P-Thin.woff didn't 
resolve at build 
time, it will remain 
unchanged to be 
resolved at runtime

./assets/WPP-Fonts/Web
fonts/WPP-Bold.woff 
referenced in ./assets
/WPP-Fonts/Webfonts/WP
P-Bold.woff didn't 
resolve at build 
time, it will remain 
unchanged to be 
resolved at runtime

./assets/WPP-Fonts/Web
fonts/WPP-Black.woff 
referenced in ./assets
/WPP-Fonts/Webfonts/WP
P-Black.woff didn't 
resolve at build 
time, it will remain 
unchanged to be 
resolved at runtime

./assets/WPP-Fonts/Web
fonts/WPP-Regular.woff
 referenced in ./asset
s/WPP-Fonts/Webfonts/W
PP-Regular.woff 
didn't resolve at 
build time, it will 
remain unchanged to 
be resolved at runtime

./assets/WPP-Fonts/Web
fonts/WPP-Medium.woff 
referenced in ./assets
/WPP-Fonts/Webfonts/WP
P-Medium.woff didn't 
resolve at build 
time, it will remain 
unchanged to be 
resolved at runtime
transforming...Γ£ô 2121 modules transformed.
rendering chunks...
computing gzip size...
dist/index.html                                              0.72 kB Γöé gzip:   0.40 kB
dist/assets/background-gradient-lights-vrrEsT7Y.jpg         12.55 kB
dist/assets/logo-wpp-media-CBLhY__7.png                     71.10 kB
dist/assets/3d-background-with-white-cubes-DmmN2jYm.jpg  1,986.87 kB
dist/assets/index-D7qJOneE.css                              37.50 kB Γöé gzip:   7.02 kB
dist/assets/index-D_sSxm_I.js                              525.59 kB Γöé gzip: 140.53 kB

[32mΓ£ô built in 1.63s[39m
[33m[plugin builtin:v
ite-reporter] 
(!) Some chunks are 
larger than 500 kB 
after minification. 
Consider:
- Using dynamic 
import() to 
code-split the 
application
- Use build.rolldownOp
tions.output.codeSplit
ting to improve 
chunking: https://roll
down.rs/reference/Outp
utOptions.codeSplittin
g
- Adjust chunk size 
limit for this 
warning via build.chun
kSizeWarningLimit.[39
m
